  2026-04-27  est=2.0225  off=2.0230  |err|=0.0260pp   
  2026-04-28  est=1.9941  off=1.9956  |err|=0.0728pp   
  2026-04-29  est=2.0458  off=2.0432  |err|=0.1298pp   
  2026-04-30  est=2.0376  off=2.0393  |err|=0.0809pp   
  2026-05-06  est=2.0953  off=2.0919  |err|=0.1677pp   
  2026-05-07  est=2.1223  off=2.1207  |err|=0.0763pp   
  2026-05-08  est=2.1003  off=2.1015  |err|=0.0580pp   
  2026-05-11  est=2.1750  off=2.1713  |err|=0.1781pp   
  2026-05-12  est=2.1746  off=2.1748  |err|=0.0108pp   
  2026-05-13  est=2.2320  off=2.2289  |err|=0.1415pp   
  2026-05-14  est=2.1808  off=2.1833  |err|=0.1132pp   
  2026-05-15  est=2.1711  off=2.1724  |err|=0.0595pp   
  2026-05-18  est=2.1646  off=2.1656  |err|=0.0481pp   
  2026-05-19  est=2.1620  off=2.1625  |err|=0.0213pp   
  2026-05-20  est=2.1699  off=2.1692  |err|=0.0318pp   
  2026-05-21  est=2.1183  off=2.1219  |err|=0.1656pp   
  2026-05-22  est=2.1821  off=2.1768  |err|=0.2516pp   
  2026-05-25  est=2.2225  off=2.2189  |err|=0.1647pp   
  2026-05-26  est=2.2310  off=2.2304  |err|=0.0265pp   
  2026-05-27  est=2.2319  off=2.2322  |err|=0.0137pp   
  2026-05-28  est=2.2760  off=2.2733  |err|=0.1189pp   
  2026-05-29  est=2.2253  off=2.2273  |err|=0.0886pp   
  2026-06-01  est=2.1793  off=2.1819  |err|=0.1165pp   
  2026-06-02  est=2.2398  off=2.2390  |err|=0.0388pp   
  2026-06-03  est=2.2761  off=2.2762  |err|=0.0067pp   
  2026-06-04  est=2.2574  off=2.2584  |err|=0.0451pp   
  2026-06-05  est=2.1861  off=2.1898  |err|=0.1651pp   
  2026-06-08  est=2.1089  off=2.1128  |err|=0.1763pp   
  2026-06-09  est=2.1959  off=2.1930  |err|=0.1383pp   
  2026-06-10  est=2.1338  off=2.1373  |err|=0.1598pp   
  2026-06-11  est=2.1132  off=2.1148  |err|=0.0770pp   
  2026-06-12  est=2.1254  off=2.1236  |err|=0.0852pp   
  2026-06-15  est=2.2362  off=2.2304  |err|=0.2753pp   
  2026-06-16  est=2.2688  off=2.2673  |err|=0.0663pp   
  2026-06-17  est=2.3027  off=2.3015  |err|=0.0540pp   
  2026-06-18  est=2.3486  off=2.3467  |err|=0.0841pp   
  2026-06-22  est=2.4057  off=2.4040  |err|=0.0746pp   
  2026-06-23  est=2.3118  off=2.3146  |err|=0.1166pp   
  2026-06-24  est=2.3473  off=2.3454  |err|=0.0822pp   
  2026-06-25  est=2.4119  off=2.4078  |err|=0.1754pp   
  2026-06-26  est=2.3099  off=2.3158  |err|=0.2454pp   
  2026-06-29  est=2.3282  off=2.3273  |err|=0.0396pp   
  2026-06-30  est=2.3968  off=2.3920  |err|=0.2084pp   
  2026-07-01  est=2.3468  off=2.3493  |err|=0.1029pp   
  2026-07-02  est=2.2151  off=2.2236  |err|=0.3633pp   
  2026-07-03  est=2.2251  off=2.2247  |err|=0.0167pp   
  2026-07-06  est=2.1854  off=2.1875  |err|=0.0959pp   

落盘 → /run/csi/mount-root/nas/eab0d61a99b6696edb3d2aff87b585e8/code/fund_estimator/.cache/daily_batch_160223_v_index_full_no_cash_2026-04-25_2026-07-06.csv

=== 汇总 ===
  N          = 47
  非交易日跳过 = 26
  MAE (pp)   = 0.1076
  RMSE (pp)  = 0.1318
  Mean err   = +0.0042 pp (bias)
  Median     = 0.0852
  Max        = 0.3633
  days over  = 0/47 (>0.5pp)
EXIT=0
